// Jest Snapshot v1, https://goo.gl/fbAQLP

exports[`renders children correctly 1`] = `
<DocumentFragment>
  <div
    class="sc-AykKC hZQdx"
  >
    1
  </div>
</DocumentFragment>
`;
